
> dev
> react-router dev --host 127.0.0.1

  [32m➜[39m  [1mLocal[22m:   [36mhttp://127.0.0.1:[1m5173[22m/[39m
[2m3:32:27 PM[22m [36m[1m[vite][22m[39m [90m[2m(client)[22m[39m [32mpage reload [39m[2mC:/Users/timgo/Downloads/BlindComp/my-project/match/app/routes/event3.tsx[22m
[2m3:32:27 PM[22m [36m[1m[vite][22m[39m [90m[2m(client)[22m[39m [32mpage reload [39m[2mC:/Users/timgo/Downloads/BlindComp/my-project/match/app/routes/event3.tsx[22m
[2m3:32:27 PM[22m [36m[1m[vite][22m[39m [90m[2m(client)[22m[39m [32mpage reload [39m[2mapp/routes/event3.tsx[22m
[2m3:32:27 PM[22m [36m[1m[vite][22m[39m [34m[2m(ssr)[22m[39m [32mpage reload [39m[2mapp/routes/event3.tsx[22m
[2m3:33:45 PM[22m [36m[1m[vite][22m[39m [90m[2m(client)[22m[39m [32mhmr update [39m[2m/@fs/C:\Users\timgo\Downloads\BlindComp\my-project\match\app\components\QuestionSlideshow.tsx, /app/app.css[22m
[2m3:33:45 PM[22m [36m[1m[vite][22m[39m [90m[2m(client)[22m[39m [32mhmr update [39m[2m/@fs/C:\Users\timgo\Downloads\BlindComp\my-project\match\app\components\QuestionSlideshow.tsx, /app/app.css[22m
[2m3:33:45 PM[22m [36m[1m[vite][22m[39m [90m[2m(client)[22m[39m [32mhmr update [39m[2m/@fs/C:\Users\timgo\Downloads\BlindComp\my-project\match\app\components\QuestionSlideshow.tsx, /app/app.css[22m
[2m3:33:45 PM[22m [36m[1m[vite][22m[39m [34m[2m(ssr)[22m[39m [32mpage reload [39m[2mapp/components/QuestionSlideshow.tsx[22m
[2m3:33:46 PM[22m [36m[1m[vite][22m[39m [90m[2m(client)[22m[39m [33mhmr invalidate [39m[2m/@fs/C:\Users\timgo\Downloads\BlindComp\my-project\match\app\components\QuestionSlideshow.tsx[22m Could not Fast Refresh. Learn more at https://github.com/vitejs/vite-plugin-react/tree/main/packages/plugin-react#consistent-components-exports
[2m3:33:46 PM[22m [36m[1m[vite][22m[39m [90m[2m(client)[22m[39m [32mhmr update [39m[2m/app/app.css, /@fs/C:\Users\timgo\Downloads\BlindComp\my-project\match\app\routes\event3.tsx[22m
[2m3:34:02 PM[22m [36m[1m[vite][22m[39m [90m[2m(client)[22m[39m [32mhmr update [39m[2m/@fs/C:\Users\timgo\Downloads\BlindComp\my-project\match\app\components\QuestionSlideshow.tsx, /app/app.css[22m
[2m3:34:02 PM[22m [36m[1m[vite][22m[39m [90m[2m(client)[22m[39m [32mhmr update [39m[2m/@fs/C:\Users\timgo\Downloads\BlindComp\my-project\match\app\components\QuestionSlideshow.tsx, /app/app.css[22m
[2m3:34:02 PM[22m [36m[1m[vite][22m[39m [90m[2m(client)[22m[39m [32mhmr update [39m[2m/@fs/C:\Users\timgo\Downloads\BlindComp\my-project\match\app\components\QuestionSlideshow.tsx, /app/app.css[22m
[2m3:34:02 PM[22m [36m[1m[vite][22m[39m [34m[2m(ssr)[22m[39m [32mpage reload [39m[2mapp/components/QuestionSlideshow.tsx[22m
[2m3:34:02 PM[22m [36m[1m[vite][22m[39m [90m[2m(client)[22m[39m [33mhmr invalidate [39m[2m/@fs/C:\Users\timgo\Downloads\BlindComp\my-project\match\app\components\QuestionSlideshow.tsx[22m Could not Fast Refresh. Learn more at https://github.com/vitejs/vite-plugin-react/tree/main/packages/plugin-react#consistent-components-exports
[2m3:34:02 PM[22m [36m[1m[vite][22m[39m [90m[2m(client)[22m[39m [32mhmr update [39m[2m/app/app.css, /@fs/C:\Users\timgo\Downloads\BlindComp\my-project\match\app\routes\event3.tsx[22m
[2m3:45:13 PM[22m [36m[1m[vite][22m[39m [90m[2m(client)[22m[39m [32mhmr update [39m[2m/@fs/C:\Users\timgo\Downloads\BlindComp\my-project\match\app\components\QuestionSlideshow.tsx, /app/app.css[22m
[2m3:45:13 PM[22m [36m[1m[vite][22m[39m [90m[2m(client)[22m[39m [32mhmr update [39m[2m/@fs/C:\Users\timgo\Downloads\BlindComp\my-project\match\app\components\QuestionSlideshow.tsx, /app/app.css[22m
[2m3:45:13 PM[22m [36m[1m[vite][22m[39m [90m[2m(client)[22m[39m [32mhmr update [39m[2m/@fs/C:\Users\timgo\Downloads\BlindComp\my-project\match\app\components\QuestionSlideshow.tsx, /app/app.css[22m
[2m3:45:13 PM[22m [36m[1m[vite][22m[39m [34m[2m(ssr)[22m[39m [32mpage reload [39m[2mapp/components/QuestionSlideshow.tsx[22m
[2m3:48:37 PM[22m [36m[1m[vite][22m[39m [90m[2m(client)[22m[39m [32mhmr update [39m[2m/@fs/C:\Users\timgo\Downloads\BlindComp\my-project\match\app\components\QuestionSlideshow.tsx, /app/app.css[22m
[2m3:48:37 PM[22m [36m[1m[vite][22m[39m [90m[2m(client)[22m[39m [32mhmr update [39m[2m/@fs/C:\Users\timgo\Downloads\BlindComp\my-project\match\app\components\QuestionSlideshow.tsx, /app/app.css[22m
[2m3:48:37 PM[22m [36m[1m[vite][22m[39m [90m[2m(client)[22m[39m [32mhmr update [39m[2m/@fs/C:\Users\timgo\Downloads\BlindComp\my-project\match\app\components\QuestionSlideshow.tsx, /app/app.css[22m
[2m3:48:37 PM[22m [36m[1m[vite][22m[39m [34m[2m(ssr)[22m[39m [32mpage reload [39m[2mapp/components/QuestionSlideshow.tsx[22m
[2m3:51:10 PM[22m [36m[1m[vite][22m[39m [90m[2m(client)[22m[39m [32mhmr update [39m[2m/@fs/C:\Users\timgo\Downloads\BlindComp\my-project\match\app\routes\event3.tsx, /app/app.css[22m
[2m3:51:10 PM[22m [36m[1m[vite][22m[39m [90m[2m(client)[22m[39m [32mhmr update [39m[2m/@fs/C:\Users\timgo\Downloads\BlindComp\my-project\match\app\routes\event3.tsx, /app/app.css[22m
[2m3:51:10 PM[22m [36m[1m[vite][22m[39m [90m[2m(client)[22m[39m [32mhmr update [39m[2m/@fs/C:\Users\timgo\Downloads\BlindComp\my-project\match\app\routes\event3.tsx, /app/app.css[22m
[2m3:51:10 PM[22m [36m[1m[vite][22m[39m [34m[2m(ssr)[22m[39m [32mpage reload [39m[2mapp/routes/event3.tsx[22m
[2m3:51:38 PM[22m [36m[1m[vite][22m[39m [90m[2m(client)[22m[39m [32mhmr update [39m[2m/@fs/C:\Users\timgo\Downloads\BlindComp\my-project\match\app\routes\event3.tsx, /app/app.css[22m
[2m3:51:38 PM[22m [36m[1m[vite][22m[39m [90m[2m(client)[22m[39m [32mhmr update [39m[2m/@fs/C:\Users\timgo\Downloads\BlindComp\my-project\match\app\routes\event3.tsx, /app/app.css[22m
[2m3:51:38 PM[22m [36m[1m[vite][22m[39m [90m[2m(client)[22m[39m [32mhmr update [39m[2m/@fs/C:\Users\timgo\Downloads\BlindComp\my-project\match\app\routes\event3.tsx, /app/app.css[22m
[2m3:51:38 PM[22m [36m[1m[vite][22m[39m [34m[2m(ssr)[22m[39m [32mpage reload [39m[2mapp/routes/event3.tsx[22m
